// Jest Snapshot v1, https://goo.gl/fbAQLP

exports[`Header should render properly 1`] = `
.c0 {
  box-sizing: border-box;
  height: 72px;
  background-color: #ffffff;
  border-top-left-radius: 0.8rem;
  padding: 0 4rem 0 2.4rem;
  display: -webkit-box;
  display: -webkit-flex;
  display: -ms-flexbox;
  display: flex;
  -webkit-align-items: center;
  -webkit-box-align: center;
  -ms-flex-align: center;
  align-items: center;
  -webkit-box-pack: justify;
  -webkit-justify-content: space-between;
  -ms-flex-pack: justify;
  justify-content: space-between;
  position: relative;
  border-bottom: 1px solid #dfe4e9;
}

.c1 {
  display: -webkit-box;
  display: -webkit-flex;
  display: -ms-flexbox;
  display: flex;
  -webkit-align-items: center;
  -webkit-box-align: center;
  -ms-flex-align: center;
  align-items: center;
  border-bottom: 1px solid transparent;
}

.c1 > * {
  margin-right: 0.8rem;
}

.c2 {
  display: -webkit-box;
  display: -webkit-flex;
  display: -ms-flexbox;
  display: flex;
  -webkit-align-items: center;
  -webkit-box-align: center;
  -ms-flex-align: center;
  align-items: center;
}

.c2 > * {
  margin-right: 0;
  margin-left: 0.8rem;
}

<div>
  <header
    class="c0"
  >
    <div
      class="c1"
    >
      Left SIde
    </div>
    <div
      class="c2"
    >
      Right SIde
    </div>
  </header>
</div>
`;
