// Jest Snapshot v1, https://goo.gl/fbAQLP

exports[`UserProfilePopup should render user initials as empty string if username is not provided or undefined 1`] = `
.c4 {
  margin: 0;
  color: inherit;
  font-size: 1.4rem;
  font-weight: 700;
  -webkit-letter-spacing: 0rem;
  -moz-letter-spacing: 0rem;
  -ms-letter-spacing: 0rem;
  letter-spacing: 0rem;
  line-height: 2rem;
  text-align: initial;
  text-transform: uppercase;
  display: inline-block;
}

.c1 {
  display: inline-block;
  text-align: center;
  min-width: -webkit-max-content;
  min-width: -moz-max-content;
  min-width: max-content;
  width: 4rem;
  height: 4rem;
  border-radius: 0.4rem;
  overflow: hidden;
  cursor: inherit;
  color: #6E14FF;
  background: #E9DCFF;
  -webkit-user-select: none;
  -moz-user-select: none;
  -ms-user-select: none;
  user-select: none;
}

.c1 .c3 {
  line-height: 4rem;
  font-size: 1.6rem;
  font-weight: 400;
  font-family: Poppins;
}

.c1 img {
  width: 4rem;
  height: 4rem;
  object-fit: cover;
  border: 0.1rem solid #dfe4e9;
  box-sizing: border-box;
  border-radius: 0.4rem;
}

.c0 {
  position: relative;
  display: -webkit-inline-box;
  display: -webkit-inline-flex;
  display: -ms-inline-flexbox;
  display: inline-flex;
}

.c2 {
  z-index: 12;
  position: relative;
  cursor: pointer;
  -webkit-transition: all 100ms ease-out;
  transition: all 100ms ease-out;
  overflow: visible;
}

<div>
  <div
    class="c0"
    id="medly-popover-wrapper"
  >
    <div
      class="c1 c2"
    >
      <strong
        class="c3 c4"
      />
    </div>
  </div>
</div>
`;
